09:19:49 **** Incremental Build of configuration Debug for project UART ****
make -j12 all 
arm-none-eabi-gcc "../Core/Src/uart.c" -mcpu=cortex-m3 -std=gnu11 -g3 -DDEBUG -DUSE_HAL_DRIVER -DSTM32F103x6 -c -I../Core/Inc -I../Drivers/STM32F1xx_HAL_Driver/Inc -I../Drivers/STM32F1xx_HAL_Driver/Inc/Legacy -I../Drivers/CMSIS/Device/ST/STM32F1xx/Include -I../Drivers/CMSIS/Include -O0 -ffunction-sections -fdata-sections -Wall -fstack-usage -MMD -MP -MF"Core/Src/uart.d" -MT"Core/Src/uart.o" --specs=nano.specs -mfloat-abi=soft -mthumb -o "Core/Src/uart.o"
arm-none-eabi-gcc -o "UART.elf" @"objects.list"   -mcpu=cortex-m3 -T"D:\MCU_Lab\MCU_Lab5\STM32IDE\UART\STM32F103C6TX_FLASH.ld" --specs=nosys.specs -Wl,-Map="UART.map" -Wl,--gc-sections -static --specs=nano.specs -mfloat-abi=soft -mthumb -Wl,--start-group -lc -lm -Wl,--end-group
Finished building target: UART.elf
 
arm-none-eabi-size   UART.elf 
arm-none-eabi-objdump -h -S  UART.elf  > "UART.list"
arm-none-eabi-objcopy  -O ihex  UART.elf  "UART.hex"
   text	   data	    bss	    dec	    hex	filename
  12624	     48	   1816	  14488	   3898	UART.elf
arm-none-eabi-objcopy  -O binary  UART.elf  "UART.bin"
Finished building: default.size.stdout
 
Finished building: UART.hex
Finished building: UART.bin
 
 
Finished building: UART.list
 
09:19:55 **** Incremental Build of configuration Debug for project UART ****
make -j12 all 
arm-none-eabi-size   UART.elf 
   text	   data	    bss	    dec	    hex	filename
  12624	     48	   1816	  14488	   3898	UART.elf
Finished building: default.size.stdout
 
09:20:04 **** Incremental Build of configuration Debug for project UART ****
make -j12 all 
arm-none-eabi-size   UART.elf 
   text	   data	    bss	    dec	    hex	filename
  12624	     48	   1816	  14488	   3898	UART.elf
Finished building: default.size.stdout
 
09:20:08 **** Incremental Build of configuration Debug for project UART ****
make -j12 all 
arm-none-eabi-size   UART.elf 
   text	   data	    bss	    dec	    hex	filename
  12624	     48	   1816	  14488	   3898	UART.elf
Finished building: default.size.stdout
 
09:38:28 **** Incremental Build of configuration Debug for project UART ****
make -j12 all 
arm-none-eabi-gcc "../Core/Src/main.c" -mcpu=cortex-m3 -std=gnu11 -g3 -DDEBUG -DUSE_HAL_DRIVER -DSTM32F103x6 -c -I../Core/Inc -I../Drivers/STM32F1xx_HAL_Driver/Inc -I../Drivers/STM32F1xx_HAL_Driver/Inc/Legacy -I../Drivers/CMSIS/Device/ST/STM32F1xx/Include -I../Drivers/CMSIS/Include -O0 -ffunction-sections -fdata-sections -Wall -fstack-usage -MMD -MP -MF"Core/Src/main.d" -MT"Core/Src/main.o" --specs=nano.specs -mfloat-abi=soft -mthumb -o "Core/Src/main.o"
../Core/Src/main.c: In function 'command_parser_fsm':
../Core/Src/main.c:348:13: warning: pointer targets in passing argument 1 of 'strcmp' differ in signedness [-Wpointer-sign]
  348 |   if(strcmp(buffer, command_ok) == 0) {
      |             ^~~~~~
      |             |
      |             uint8_t * {aka unsigned char *}
In file included from ../Core/Src/main.c:26:
d:\stmcubeide\stm32cubeide_1.7.0\stm32cubeide\plugins\com.st.stm32cube.ide.mcu.externaltools.gnu-tools-for-stm32.9-2020-q2-update.win32_2.0.0.202105311346\tools\arm-none-eabi\include\string.h:36:14: note: expected 'const char *' but argument is of type 'uint8_t *' {aka 'unsigned char *'}
   36 | int  strcmp (const char *, const char *);
      |              ^~~~~~~~~~~~
../Core/Src/main.c:348:21: warning: pointer targets in passing argument 2 of 'strcmp' differ in signedness [-Wpointer-sign]
  348 |   if(strcmp(buffer, command_ok) == 0) {
      |                     ^~~~~~~~~~
      |                     |
      |                     uint8_t * {aka unsigned char *}
In file included from ../Core/Src/main.c:26:
d:\stmcubeide\stm32cubeide_1.7.0\stm32cubeide\plugins\com.st.stm32cube.ide.mcu.externaltools.gnu-tools-for-stm32.9-2020-q2-update.win32_2.0.0.202105311346\tools\arm-none-eabi\include\string.h:36:28: note: expected 'const char *' but argument is of type 'uint8_t *' {aka 'unsigned char *'}
   36 | int  strcmp (const char *, const char *);
      |                            ^~~~~~~~~~~~
../Core/Src/main.c:353:13: warning: pointer targets in passing argument 1 of 'strcmp' differ in signedness [-Wpointer-sign]
  353 |   if(strcmp(buffer, command_rst) == 0) {
      |             ^~~~~~
      |             |
      |             uint8_t * {aka unsigned char *}
In file included from ../Core/Src/main.c:26:
d:\stmcubeide\stm32cubeide_1.7.0\stm32cubeide\plugins\com.st.stm32cube.ide.mcu.externaltools.gnu-tools-for-stm32.9-2020-q2-update.win32_2.0.0.202105311346\tools\arm-none-eabi\include\string.h:36:14: note: expected 'const char *' but argument is of type 'uint8_t *' {aka 'unsigned char *'}
   36 | int  strcmp (const char *, const char *);
      |              ^~~~~~~~~~~~
../Core/Src/main.c:353:21: warning: pointer targets in passing argument 2 of 'strcmp' differ in signedness [-Wpointer-sign]
  353 |   if(strcmp(buffer, command_rst) == 0) {
      |                     ^~~~~~~~~~~
      |                     |
      |                     uint8_t * {aka unsigned char *}
In file included from ../Core/Src/main.c:26:
d:\stmcubeide\stm32cubeide_1.7.0\stm32cubeide\plugins\com.st.stm32cube.ide.mcu.externaltools.gnu-tools-for-stm32.9-2020-q2-update.win32_2.0.0.202105311346\tools\arm-none-eabi\include\string.h:36:28: note: expected 'const char *' but argument is of type 'uint8_t *' {aka 'unsigned char *'}
   36 | int  strcmp (const char *, const char *);
      |                            ^~~~~~~~~~~~
arm-none-eabi-gcc -o "UART.elf" @"objects.list"   -mcpu=cortex-m3 -T"D:\MCU_Lab\MCU_Lab5\STM32IDE\UART\STM32F103C6TX_FLASH.ld" --specs=nosys.specs -Wl,-Map="UART.map" -Wl,--gc-sections -static --specs=nano.specs -mfloat-abi=soft -mthumb -Wl,--start-group -lc -lm -Wl,--end-group
Finished building target: UART.elf
 
arm-none-eabi-size   UART.elf 
arm-none-eabi-objdump -h -S  UART.elf  > "UART.list"
arm-none-eabi-objcopy  -O ihex  UART.elf  "UART.hex"
arm-none-eabi-objcopy  -O binary  UART.elf  "UART.bin"
   text	   data	    bss	    dec	    hex	filename
  12660	     48	   1816	  14524	   38bc	UART.elf
Finished building: default.size.stdout
 
Finished building: UART.hex
Finished building: UART.bin
 
 
Finished building: UART.list
 
10:20:25 **** Incremental Build of configuration Debug for project UART ****
make -j12 all 
arm-none-eabi-gcc "../Core/Src/main.c" -mcpu=cortex-m3 -std=gnu11 -g3 -DDEBUG -DUSE_HAL_DRIVER -DSTM32F103x6 -c -I../Core/Inc -I../Drivers/STM32F1xx_HAL_Driver/Inc -I../Drivers/STM32F1xx_HAL_Driver/Inc/Legacy -I../Drivers/CMSIS/Device/ST/STM32F1xx/Include -I../Drivers/CMSIS/Include -O0 -ffunction-sections -fdata-sections -Wall -fstack-usage -MMD -MP -MF"Core/Src/main.d" -MT"Core/Src/main.o" --specs=nano.specs -mfloat-abi=soft -mthumb -o "Core/Src/main.o"
../Core/Src/main.c:333:37: error: redeclaration of enumerator 'AWAIT'
  333 | enum CommunicationState {INIT, RST, AWAIT, OK}
      |                                     ^~~~~
../Core/Src/main.c:329:19: note: previous definition of 'AWAIT' was here
  329 | enum ParserState {AWAIT, PARSE, VALIDATE};
      |                   ^~~~~
../Core/Src/main.c:334:1: error: expected ';', identifier or '(' before 'enum'
  334 | enum CommunicationState cState = INIT;
      | ^~~~
../Core/Src/main.c: In function 'command_parser_fsm':
../Core/Src/main.c:345:2: error: duplicate case value
  345 |  case VALIDATE:
      |  ^~~~
../Core/Src/main.c:338:2: note: previously used here
  338 |  case AWAIT:
      |  ^~~~
../Core/Src/main.c:347:13: warning: pointer targets in passing argument 1 of 'strcmp' differ in signedness [-Wpointer-sign]
  347 |   if(strcmp(buffer, command_ok) == 0) {
      |             ^~~~~~
      |             |
      |             uint8_t * {aka unsigned char *}
In file included from ../Core/Src/main.c:26:
d:\stmcubeide\stm32cubeide_1.7.0\stm32cubeide\plugins\com.st.stm32cube.ide.mcu.externaltools.gnu-tools-for-stm32.9-2020-q2-update.win32_2.0.0.202105311346\tools\arm-none-eabi\include\string.h:36:14: note: expected 'const char *' but argument is of type 'uint8_t *' {aka 'unsigned char *'}
   36 | int  strcmp (const char *, const char *);
      |              ^~~~~~~~~~~~
../Core/Src/main.c:347:21: warning: pointer targets in passing argument 2 of 'strcmp' differ in signedness [-Wpointer-sign]
  347 |   if(strcmp(buffer, command_ok) == 0) {
      |                     ^~~~~~~~~~
      |                     |
      |                     uint8_t * {aka unsigned char *}
In file included from ../Core/Src/main.c:26:
d:\stmcubeide\stm32cubeide_1.7.0\stm32cubeide\plugins\com.st.stm32cube.ide.mcu.externaltools.gnu-tools-for-stm32.9-2020-q2-update.win32_2.0.0.202105311346\tools\arm-none-eabi\include\string.h:36:28: note: expected 'const char *' but argument is of type 'uint8_t *' {aka 'unsigned char *'}
   36 | int  strcmp (const char *, const char *);
      |                            ^~~~~~~~~~~~
../Core/Src/main.c:351:13: warning: pointer targets in passing argument 1 of 'strcmp' differ in signedness [-Wpointer-sign]
  351 |   if(strcmp(buffer, command_rst) == 0) {
      |             ^~~~~~
      |             |
      |             uint8_t * {aka unsigned char *}
In file included from ../Core/Src/main.c:26:
d:\stmcubeide\stm32cubeide_1.7.0\stm32cubeide\plugins\com.st.stm32cube.ide.mcu.externaltools.gnu-tools-for-stm32.9-2020-q2-update.win32_2.0.0.202105311346\tools\arm-none-eabi\include\string.h:36:14: note: expected 'const char *' but argument is of type 'uint8_t *' {aka 'unsigned char *'}
   36 | int  strcmp (const char *, const char *);
      |              ^~~~~~~~~~~~
../Core/Src/main.c:351:21: warning: pointer targets in passing argument 2 of 'strcmp' differ in signedness [-Wpointer-sign]
  351 |   if(strcmp(buffer, command_rst) == 0) {
      |                     ^~~~~~~~~~~
      |                     |
      |                     uint8_t * {aka unsigned char *}
In file included from ../Core/Src/main.c:26:
d:\stmcubeide\stm32cubeide_1.7.0\stm32cubeide\plugins\com.st.stm32cube.ide.mcu.externaltools.gnu-tools-for-stm32.9-2020-q2-update.win32_2.0.0.202105311346\tools\arm-none-eabi\include\string.h:36:28: note: expected 'const char *' but argument is of type 'uint8_t *' {aka 'unsigned char *'}
   36 | int  strcmp (const char *, const char *);
      |                            ^~~~~~~~~~~~
../Core/Src/main.c:337:2: warning: enumeration value 'AWAIT' not handled in switch [-Wswitch]
  337 |  switch(pState) {
      |  ^~~~~~
make: *** [Core/Src/subdir.mk:43: Core/Src/main.o] Error 1
"make -j12 all" terminated with exit code 2. Build might be incomplete.
10:26:24 **** Incremental Build of configuration Debug for project UART ****
make -j12 all 
arm-none-eabi-gcc "../Core/Src/main.c" -mcpu=cortex-m3 -std=gnu11 -g3 -DDEBUG -DUSE_HAL_DRIVER -DSTM32F103x6 -c -I../Core/Inc -I../Drivers/STM32F1xx_HAL_Driver/Inc -I../Drivers/STM32F1xx_HAL_Driver/Inc/Legacy -I../Drivers/CMSIS/Device/ST/STM32F1xx/Include -I../Drivers/CMSIS/Include -O0 -ffunction-sections -fdata-sections -Wall -fstack-usage -MMD -MP -MF"Core/Src/main.d" -MT"Core/Src/main.o" --specs=nano.specs -mfloat-abi=soft -mthumb -o "Core/Src/main.o"
../Core/Src/main.c:334:1: error: expected ';', identifier or '(' before 'enum'
  334 | enum CommunicationState cState = INIT;
      | ^~~~
../Core/Src/main.c: In function 'command_parser_fsm':
../Core/Src/main.c:347:13: warning: pointer targets in passing argument 1 of 'strcmp' differ in signedness [-Wpointer-sign]
  347 |   if(strcmp(buffer, command_ok) == 0) {
      |             ^~~~~~
      |             |
      |             uint8_t * {aka unsigned char *}
In file included from ../Core/Src/main.c:26:
d:\stmcubeide\stm32cubeide_1.7.0\stm32cubeide\plugins\com.st.stm32cube.ide.mcu.externaltools.gnu-tools-for-stm32.9-2020-q2-update.win32_2.0.0.202105311346\tools\arm-none-eabi\include\string.h:36:14: note: expected 'const char *' but argument is of type 'uint8_t *' {aka 'unsigned char *'}
   36 | int  strcmp (const char *, const char *);
      |              ^~~~~~~~~~~~
../Core/Src/main.c:347:21: warning: pointer targets in passing argument 2 of 'strcmp' differ in signedness [-Wpointer-sign]
  347 |   if(strcmp(buffer, command_ok) == 0) {
      |                     ^~~~~~~~~~
      |                     |
      |                     uint8_t * {aka unsigned char *}
In file included from ../Core/Src/main.c:26:
d:\stmcubeide\stm32cubeide_1.7.0\stm32cubeide\plugins\com.st.stm32cube.ide.mcu.externaltools.gnu-tools-for-stm32.9-2020-q2-update.win32_2.0.0.202105311346\tools\arm-none-eabi\include\string.h:36:28: note: expected 'const char *' but argument is of type 'uint8_t *' {aka 'unsigned char *'}
   36 | int  strcmp (const char *, const char *);
      |                            ^~~~~~~~~~~~
../Core/Src/main.c:351:13: warning: pointer targets in passing argument 1 of 'strcmp' differ in signedness [-Wpointer-sign]
  351 |   if(strcmp(buffer, command_rst) == 0) {
      |             ^~~~~~
      |             |
      |             uint8_t * {aka unsigned char *}
In file included from ../Core/Src/main.c:26:
d:\stmcubeide\stm32cubeide_1.7.0\stm32cubeide\plugins\com.st.stm32cube.ide.mcu.externaltools.gnu-tools-for-stm32.9-2020-q2-update.win32_2.0.0.202105311346\tools\arm-none-eabi\include\string.h:36:14: note: expected 'const char *' but argument is of type 'uint8_t *' {aka 'unsigned char *'}
   36 | int  strcmp (const char *, const char *);
      |              ^~~~~~~~~~~~
../Core/Src/main.c:351:21: warning: pointer targets in passing argument 2 of 'strcmp' differ in signedness [-Wpointer-sign]
  351 |   if(strcmp(buffer, command_rst) == 0) {
      |                     ^~~~~~~~~~~
      |                     |
      |                     uint8_t * {aka unsigned char *}
In file included from ../Core/Src/main.c:26:
d:\stmcubeide\stm32cubeide_1.7.0\stm32cubeide\plugins\com.st.stm32cube.ide.mcu.externaltools.gnu-tools-for-stm32.9-2020-q2-update.win32_2.0.0.202105311346\tools\arm-none-eabi\include\string.h:36:28: note: expected 'const char *' but argument is of type 'uint8_t *' {aka 'unsigned char *'}
   36 | int  strcmp (const char *, const char *);
      |                            ^~~~~~~~~~~~
make: *** [Core/Src/subdir.mk:43: Core/Src/main.o] Error 1
"make -j12 all" terminated with exit code 2. Build might be incomplete.
10:26:36 **** Incremental Build of configuration Debug for project UART ****
make -j12 all 
arm-none-eabi-gcc "../Core/Src/main.c" -mcpu=cortex-m3 -std=gnu11 -g3 -DDEBUG -DUSE_HAL_DRIVER -DSTM32F103x6 -c -I../Core/Inc -I../Drivers/STM32F1xx_HAL_Driver/Inc -I../Drivers/STM32F1xx_HAL_Driver/Inc/Legacy -I../Drivers/CMSIS/Device/ST/STM32F1xx/Include -I../Drivers/CMSIS/Include -O0 -ffunction-sections -fdata-sections -Wall -fstack-usage -MMD -MP -MF"Core/Src/main.d" -MT"Core/Src/main.o" --specs=nano.specs -mfloat-abi=soft -mthumb -o "Core/Src/main.o"
../Core/Src/main.c: In function 'command_parser_fsm':
../Core/Src/main.c:347:13: warning: pointer targets in passing argument 1 of 'strcmp' differ in signedness [-Wpointer-sign]
  347 |   if(strcmp(buffer, command_ok) == 0) {
      |             ^~~~~~
      |             |
      |             uint8_t * {aka unsigned char *}
In file included from ../Core/Src/main.c:26:
d:\stmcubeide\stm32cubeide_1.7.0\stm32cubeide\plugins\com.st.stm32cube.ide.mcu.externaltools.gnu-tools-for-stm32.9-2020-q2-update.win32_2.0.0.202105311346\tools\arm-none-eabi\include\string.h:36:14: note: expected 'const char *' but argument is of type 'uint8_t *' {aka 'unsigned char *'}
   36 | int  strcmp (const char *, const char *);
      |              ^~~~~~~~~~~~
../Core/Src/main.c:347:21: warning: pointer targets in passing argument 2 of 'strcmp' differ in signedness [-Wpointer-sign]
  347 |   if(strcmp(buffer, command_ok) == 0) {
      |                     ^~~~~~~~~~
      |                     |
      |                     uint8_t * {aka unsigned char *}
In file included from ../Core/Src/main.c:26:
d:\stmcubeide\stm32cubeide_1.7.0\stm32cubeide\plugins\com.st.stm32cube.ide.mcu.externaltools.gnu-tools-for-stm32.9-2020-q2-update.win32_2.0.0.202105311346\tools\arm-none-eabi\include\string.h:36:28: note: expected 'const char *' but argument is of type 'uint8_t *' {aka 'unsigned char *'}
   36 | int  strcmp (const char *, const char *);
      |                            ^~~~~~~~~~~~
../Core/Src/main.c:351:13: warning: pointer targets in passing argument 1 of 'strcmp' differ in signedness [-Wpointer-sign]
  351 |   if(strcmp(buffer, command_rst) == 0) {
      |             ^~~~~~
      |             |
      |             uint8_t * {aka unsigned char *}
In file included from ../Core/Src/main.c:26:
d:\stmcubeide\stm32cubeide_1.7.0\stm32cubeide\plugins\com.st.stm32cube.ide.mcu.externaltools.gnu-tools-for-stm32.9-2020-q2-update.win32_2.0.0.202105311346\tools\arm-none-eabi\include\string.h:36:14: note: expected 'const char *' but argument is of type 'uint8_t *' {aka 'unsigned char *'}
   36 | int  strcmp (const char *, const char *);
      |              ^~~~~~~~~~~~
../Core/Src/main.c:351:21: warning: pointer targets in passing argument 2 of 'strcmp' differ in signedness [-Wpointer-sign]
  351 |   if(strcmp(buffer, command_rst) == 0) {
      |                     ^~~~~~~~~~~
      |                     |
      |                     uint8_t * {aka unsigned char *}
In file included from ../Core/Src/main.c:26:
d:\stmcubeide\stm32cubeide_1.7.0\stm32cubeide\plugins\com.st.stm32cube.ide.mcu.externaltools.gnu-tools-for-stm32.9-2020-q2-update.win32_2.0.0.202105311346\tools\arm-none-eabi\include\string.h:36:28: note: expected 'const char *' but argument is of type 'uint8_t *' {aka 'unsigned char *'}
   36 | int  strcmp (const char *, const char *);
      |                            ^~~~~~~~~~~~
arm-none-eabi-gcc -o "UART.elf" @"objects.list"   -mcpu=cortex-m3 -T"D:\MCU_Lab\MCU_Lab5\STM32IDE\UART\STM32F103C6TX_FLASH.ld" --specs=nosys.specs -Wl,-Map="UART.map" -Wl,--gc-sections -static --specs=nano.specs -mfloat-abi=soft -mthumb -Wl,--start-group -lc -lm -Wl,--end-group
Finished building target: UART.elf
 
arm-none-eabi-size   UART.elf 
arm-none-eabi-objdump -h -S  UART.elf  > "UART.list"
arm-none-eabi-objcopy  -O ihex  UART.elf  "UART.hex"
arm-none-eabi-objcopy  -O binary  UART.elf  "UART.bin"
   text	   data	    bss	    dec	    hex	filename
  12624	     48	   1816	  14488	   3898	UART.elf
Finished building: default.size.stdout
 
Finished building: UART.bin
Finished building: UART.hex
 
 
Finished building: UART.list
 
